{
   "edge_count" : 461,
   "node_count" : 1029,
   "request" : {
      "expand" : 1,
      "filters" : [
         {
            "edge" : {},
            "end" : "2016-02-01",
            "exact" : "true",
            "filter_type" : "edge",
            "from" : {
               "key" : "url:http://stackoverflow.com/questions/26123468/dynamic-node-content-label-in-cytoscape-js"
            },
            "start" : "2016-01-01",
            "to" : {}
         }
      ],
      "match_undef" : 0,
      "method" : "get_graph_data",
      "request" : "get_graph_data",
      "request_source" : "popup"
   },
   "result" : [],
   "test" : 1,
   "testdata" : 1
}
