{
   "edge" : 458,
   "edge_type:jump1" : 375,
   "edge_type:nav_link" : 37,
   "edge_type:new_tab" : 4,
   "edge_type:query_idea" : 12,
   "edge_type:related" : 2,
   "edge_type:tab_link" : 28,
   "isolated_node" : 401,
   "node" : 1027,
   "node_type:query" : 593,
   "node_type:topic" : 11,
   "node_type:url" : 423,
   "source_node" : 233,
   "target_node" : 393
}
